Microchip Technology Inc, v1.26 (A)

Tool Name:
  c:\program files (x86)\microchip\xc16\v1.26\bin\bin\..\bin/elf-ld.exe

Command:
  -p24F16KA101 \
  -o \
  dist/default/production/PumpMinder-3.0.production.elf \
  -Lc:/program files (x86)/microchip/xc16/v1.26/bin/bin/.. \
  -Lc:/program files (x86)/microchip/xc16/v1.26/bin/bin/../../lib \
  -Lc:/program files (x86)/microchip/xc16/v1.26/bin/bin/../../support/PIC24E/gld \
  -Lc:/program files (x86)/microchip/xc16/v1.26/bin/bin/../../support/PIC24F/gld \
  -Lc:/program files (x86)/microchip/xc16/v1.26/bin/bin/../../support/PIC24H/gld \
  -Lc:/program files (x86)/microchip/xc16/v1.26/bin/bin/../../support/dsPIC30F/gld \
  -Lc:/program files (x86)/microchip/xc16/v1.26/bin/bin/../../support/dsPIC33E/gld \
  -Lc:/program files (x86)/microchip/xc16/v1.26/bin/bin/../../support/dsPIC33F/gld \
  build/default/production/main.o \
  build/default/production/utilities.o \
  --defsym=__MPLAB_BUILD=1 \
  -Tp24F16KA101.gld.00 \
  --stack=16 \
  --check-sections \
  --data-init \
  --pack-data \
  --handles \
  --isr \
  --no-gc-sections \
  --fill-upper=0 \
  --stackguard=16 \
  --no-force-link \
  --smart-io \
  -Map=dist/default/production/PumpMinder-3.0.production.map \
  --report-mem \
  --memorysummary \
  dist/default/production/memoryfile.xml \
  -start-group \
  --library=pic30-elf \
  --library=m-elf \
  --library=c-elf \
  -end-group \


Optional library libpPIC24Fxxx.a not found
Archive member included because of file (symbol)

c:/program files (x86)/microchip/xc16/v1.26/bin/bin/../../lib\libpic30-elf.a(crt0_standard.o)
                              (__resetPRI)
c:/program files (x86)/microchip/xc16/v1.26/bin/bin/../../lib\libpic30-elf.a(data_init_standard.o)
                              c:/program files (x86)/microchip/xc16/v1.26/bin/bin/../../lib\libpic30-elf.a(crt0_standard.o) (__data_init_standard)
c:/program files (x86)/microchip/xc16/v1.26/bin/bin/../../lib\libm-elf.a(addsf3.eo)
                              build/default/production/main.o (___subsf3)
c:/program files (x86)/microchip/xc16/v1.26/bin/bin/../../lib\libm-elf.a(divsf3.eo)
                              build/default/production/main.o (___divsf3)
c:/program files (x86)/microchip/xc16/v1.26/bin/bin/../../lib\libm-elf.a(fixsfsi.eo)
                              build/default/production/main.o (_(float, int, long long, short, float, short, int))
c:/program files (x86)/microchip/xc16/v1.26/bin/bin/../../lib\libm-elf.a(fixunssfsi.eo)
                              build/default/production/main.o (___fixunssfsi)
c:/program files (x86)/microchip/xc16/v1.26/bin/bin/../../lib\libm-elf.a(floatsisf.eo)
                              build/default/production/main.o (___floatsisf)
c:/program files (x86)/microchip/xc16/v1.26/bin/bin/../../lib\libm-elf.a(floatunsisf.eo)
                              build/default/production/main.o (___floatunsisf)
c:/program files (x86)/microchip/xc16/v1.26/bin/bin/../../lib\libm-elf.a(fpack.eo)
                              c:/program files (x86)/microchip/xc16/v1.26/bin/bin/../../lib\libm-elf.a(addsf3.eo) (__fpack)
c:/program files (x86)/microchip/xc16/v1.26/bin/bin/../../lib\libm-elf.a(funpack.eo)
                              c:/program files (x86)/microchip/xc16/v1.26/bin/bin/../../lib\libm-elf.a(fixsfsi.eo) (__funpack)
c:/program files (x86)/microchip/xc16/v1.26/bin/bin/../../lib\libm-elf.a(funpack2.eo)
                              c:/program files (x86)/microchip/xc16/v1.26/bin/bin/../../lib\libm-elf.a(addsf3.eo) (__funpack2)
c:/program files (x86)/microchip/xc16/v1.26/bin/bin/../../lib\libm-elf.a(futil.eo)
                              c:/program files (x86)/microchip/xc16/v1.26/bin/bin/../../lib\libm-elf.a(addsf3.eo) (__fPropagateNaN)
c:/program files (x86)/microchip/xc16/v1.26/bin/bin/../../lib\libm-elf.a(mulsf3.eo)
                              build/default/production/main.o (___mulsf3)
c:/program files (x86)/microchip/xc16/v1.26/bin/bin/../../lib\libm-elf.a(floatdisf.eo)
                              c:/program files (x86)/microchip/xc16/v1.26/bin/bin/../../lib\libm-elf.a(floatsisf.eo) (___floatdisf)
c:/program files (x86)/microchip/xc16/v1.26/bin/bin/../../lib\libm-elf.a(floatundisf.eo)
                              c:/program files (x86)/microchip/xc16/v1.26/bin/bin/../../lib\libm-elf.a(floatunsisf.eo) (___floatundisf)
c:/program files (x86)/microchip/xc16/v1.26/bin/bin/../../lib\libc-elf.a(sprintf_cdfFnopuxX.XXeo)
                              build/default/production/utilities.o (__sprintf_cdfFnopuxX)
c:/program files (x86)/microchip/xc16/v1.26/bin/bin/../../lib\libc-elf.a(doprnt_cdfFnopuxX.XXeo)
                              c:/program files (x86)/microchip/xc16/v1.26/bin/bin/../../lib\libc-elf.a(sprintf_cdfFnopuxX.XXeo) (__vfprintf_cdfFnopuxX)
c:/program files (x86)/microchip/xc16/v1.26/bin/bin/../../lib\libc-elf.a(sprintf_fF.XXeo)
                              build/default/production/utilities.o (__sprintf_fF)
c:/program files (x86)/microchip/xc16/v1.26/bin/bin/../../lib\libc-elf.a(doprnt_fF.XXeo)
                              c:/program files (x86)/microchip/xc16/v1.26/bin/bin/../../lib\libc-elf.a(sprintf_fF.XXeo) (__vfprintf_fF)
c:/program files (x86)/microchip/xc16/v1.26/bin/bin/../../lib\libc-elf.a(fputc.eo)
                              c:/program files (x86)/microchip/xc16/v1.26/bin/bin/../../lib\libc-elf.a(doprnt_cdfFnopuxX.XXeo) (_fputc)
c:/program files (x86)/microchip/xc16/v1.26/bin/bin/../../lib\libc-elf.a(powers.eo)
                              c:/program files (x86)/microchip/xc16/v1.26/bin/bin/../../lib\libc-elf.a(doprnt_cdfFnopuxX.XXeo) (__powers_)
c:/program files (x86)/microchip/xc16/v1.26/bin/bin/../../lib\libc-elf.a(_iob.eo)
                              c:/program files (x86)/microchip/xc16/v1.26/bin/bin/../../lib\libc-elf.a(fputc.eo) (__outdone)
c:/program files (x86)/microchip/xc16/v1.26/bin/bin/../../lib\libc-elf.a(flsbuf.eo)
                              c:/program files (x86)/microchip/xc16/v1.26/bin/bin/../../lib\libc-elf.a(fputc.eo) (__flsbuf)
c:/program files (x86)/microchip/xc16/v1.26/bin/bin/../../lib\libpic30-elf.a(write.eo)
                              c:/program files (x86)/microchip/xc16/v1.26/bin/bin/../../lib\libc-elf.a(fputc.eo) (_write)
c:/program files (x86)/microchip/xc16/v1.26/bin/bin/../../lib\libpic30-elf.a(c30_uart.eo)
                              c:/program files (x86)/microchip/xc16/v1.26/bin/bin/../../lib\libpic30-elf.a(write.eo) (___C30_UART)
c:/program files (x86)/microchip/xc16/v1.26/bin/bin/../../lib\libm-elf.a(adddf3.eo)
                              c:/program files (x86)/microchip/xc16/v1.26/bin/bin/../../lib\libc-elf.a(doprnt_cdfFnopuxX.XXeo) (___adddf3)
c:/program files (x86)/microchip/xc16/v1.26/bin/bin/../../lib\libm-elf.a(deqltle.eo)
                              c:/program files (x86)/microchip/xc16/v1.26/bin/bin/../../lib\libc-elf.a(doprnt_cdfFnopuxX.XXeo) (___ltdf2)
c:/program files (x86)/microchip/xc16/v1.26/bin/bin/../../lib\libm-elf.a(dgtge.eo)
                              c:/program files (x86)/microchip/xc16/v1.26/bin/bin/../../lib\libc-elf.a(doprnt_cdfFnopuxX.XXeo) (___gedf2)
c:/program files (x86)/microchip/xc16/v1.26/bin/bin/../../lib\libm-elf.a(divdf3.eo)
                              c:/program files (x86)/microchip/xc16/v1.26/bin/bin/../../lib\libc-elf.a(doprnt_cdfFnopuxX.XXeo) (___divdf3)
c:/program files (x86)/microchip/xc16/v1.26/bin/bin/../../lib\libm-elf.a(dne.eo)
                              c:/program files (x86)/microchip/xc16/v1.26/bin/bin/../../lib\libc-elf.a(doprnt_cdfFnopuxX.XXeo) (___nedf2)
c:/program files (x86)/microchip/xc16/v1.26/bin/bin/../../lib\libm-elf.a(dpack.eo)
                              c:/program files (x86)/microchip/xc16/v1.26/bin/bin/../../lib\libm-elf.a(adddf3.eo) (__dpack)
c:/program files (x86)/microchip/xc16/v1.26/bin/bin/../../lib\libm-elf.a(dunpack2.eo)
                              c:/program files (x86)/microchip/xc16/v1.26/bin/bin/../../lib\libm-elf.a(adddf3.eo) (__dunpack2)
c:/program files (x86)/microchip/xc16/v1.26/bin/bin/../../lib\libm-elf.a(extendsfdf.eo)
                              c:/program files (x86)/microchip/xc16/v1.26/bin/bin/../../lib\libc-elf.a(doprnt_cdfFnopuxX.XXeo) (___extendsfdf2)
c:/program files (x86)/microchip/xc16/v1.26/bin/bin/../../lib\libm-elf.a(fixunsdfdi.eo)
                              c:/program files (x86)/microchip/xc16/v1.26/bin/bin/../../lib\libc-elf.a(doprnt_cdfFnopuxX.XXeo) (___fixunsdfdi)
c:/program files (x86)/microchip/xc16/v1.26/bin/bin/../../lib\libm-elf.a(floatundidf.eo)
                              c:/program files (x86)/microchip/xc16/v1.26/bin/bin/../../lib\libc-elf.a(doprnt_cdfFnopuxX.XXeo) (___floatundidf)
c:/program files (x86)/microchip/xc16/v1.26/bin/bin/../../lib\libm-elf.a(frexp.eo)
                              c:/program files (x86)/microchip/xc16/v1.26/bin/bin/../../lib\libc-elf.a(doprnt_cdfFnopuxX.XXeo) (_frexpl)
c:/program files (x86)/microchip/xc16/v1.26/bin/bin/../../lib\libm-elf.a(muldf3.eo)
                              c:/program files (x86)/microchip/xc16/v1.26/bin/bin/../../lib\libc-elf.a(doprnt_cdfFnopuxX.XXeo) (___muldf3)
c:/program files (x86)/microchip/xc16/v1.26/bin/bin/../../lib\libm-elf.a(subdf3.eo)
                              c:/program files (x86)/microchip/xc16/v1.26/bin/bin/../../lib\libc-elf.a(doprnt_cdfFnopuxX.XXeo) (___subdf3)
c:/program files (x86)/microchip/xc16/v1.26/bin/bin/../../lib\libm-elf.a(udivsi3.eo)
                              c:/program files (x86)/microchip/xc16/v1.26/bin/bin/../../lib\libc-elf.a(doprnt_cdfFnopuxX.XXeo) (___udivsi3)
c:/program files (x86)/microchip/xc16/v1.26/bin/bin/../../lib\libm-elf.a(mulsi3.eo)
                              c:/program files (x86)/microchip/xc16/v1.26/bin/bin/../../lib\libc-elf.a(doprnt_cdfFnopuxX.XXeo) (___mulsi3)
c:/program files (x86)/microchip/xc16/v1.26/bin/bin/../../lib\libm-elf.a(divmoddi3.eo)
                              c:/program files (x86)/microchip/xc16/v1.26/bin/bin/../../lib\libc-elf.a(doprnt_cdfFnopuxX.XXeo) (___udivdi3)
c:/program files (x86)/microchip/xc16/v1.26/bin/bin/../../lib\libm-elf.a(muldi3.eo)
                              c:/program files (x86)/microchip/xc16/v1.26/bin/bin/../../lib\libc-elf.a(doprnt_cdfFnopuxX.XXeo) (___muldi3)
c:/program files (x86)/microchip/xc16/v1.26/bin/bin/../../lib\libm-elf.a(dcompare.eo)
                              c:/program files (x86)/microchip/xc16/v1.26/bin/bin/../../lib\libm-elf.a(deqltle.eo) (__dcompare)
c:/program files (x86)/microchip/xc16/v1.26/bin/bin/../../lib\libm-elf.a(dpropagateNaN.eo)
                              c:/program files (x86)/microchip/xc16/v1.26/bin/bin/../../lib\libm-elf.a(dunpack2.eo) (__dPropagateNaN)
c:/program files (x86)/microchip/xc16/v1.26/bin/bin/../../lib\libm-elf.a(dtype.eo)
                              c:/program files (x86)/microchip/xc16/v1.26/bin/bin/../../lib\libm-elf.a(dcompare.eo) (__dtype)
c:/program files (x86)/microchip/xc16/v1.26/bin/bin/../../lib\libm-elf.a(dunpack.eo)
                              c:/program files (x86)/microchip/xc16/v1.26/bin/bin/../../lib\libm-elf.a(dunpack2.eo) (__dunpack)
c:/program files (x86)/microchip/xc16/v1.26/bin/bin/../../lib\libm-elf.a(umuldi3.eo)
                              c:/program files (x86)/microchip/xc16/v1.26/bin/bin/../../lib\libm-elf.a(muldi3.eo) (___umuldi3)


Selected CodeGuard Options:
  FGS:GWRP:OFF
  FGS:GCP:OFF
  FBS:BWRP:OFF
  FBS:BSS:OFF

CodeGuard FLASH Memory:
  boot    (none)
  secure  (none)
  general 0x200 to 0x2bfe

CodeGuard RAM Memory:
  general 0x800 to 0xdff
  secure  (none)
  boot    (none)

CodeGuard EEPROM Memory:
  general 0x7ffe00 to 0x7fffff
  secure  (none)
  boot    (none)


xc16-ld 1.26 (A)

Program Memory  [Origin = 0x200, Length = 0x2a00]

section                    address   length (PC units)   length (bytes) (dec)
-------                    -------   -----------------   --------------------
.text                        0x200              0x1eaa          0x2dff  (11775)
.const                      0x20aa                0xb2           0x10b  (267)
.text                       0x215c               0x5e6           0x8d9  (2265)
.dinit                      0x2742               0x1bc           0x29a  (666)
.shared.dinit               0x28fe                 0x2             0x3  (3)

                 Total program memory used (bytes):         0x3a80  (14976) 92%


Ivt Memory  [Origin = 0x4, Length = 0xfc]

section                    address   length (PC units)   length (bytes) (dec)
-------                    -------   -----------------   --------------------
.ivt._T1Interrupt             0x1a                 0x2             0x3  (3)
.ivt._CNInterrupt             0x3a                 0x2             0x3  (3)
.ivt._RTCCInterrupt           0x90                 0x2             0x3  (3)


Data EEPROM Memory  [Origin = 0x7ffe00, Length = 0x200]

section                    address   length (PC units)   length (bytes) (dec)
-------                    -------   -----------------   --------------------
.eedata                   0x7ffe00                 0x2             0x2  (2)

                 Total data EEPROM used (bytes):            0x2  (2) <1%


Data Memory  [Origin = 0x800, Length = 0x600]

section                    address      alignment gaps    total length  (dec)
-------                    -------      --------------    -------------------
.nbss                        0x800                   0            0x14  (20)
.data                        0x814                   0           0x250  (592)
.bss                         0xa64                   0             0x6  (6)
.data                        0xa6a                   0             0x2  (2)

                 Total data memory used (bytes):          0x26c  (620) 40%


Dynamic Memory Usage

region                     address                      maximum length  (dec)
------                     -------                      ---------------------
heap                             0                                   0  (0)
stack                        0xa6c                               0x394  (916)

                 Maximum dynamic memory (bytes):          0x394  (916)


External Symbols in Data Memory (by address):

                    0x0800                  _MessageBeingTransmitted
                    0x0802                  _EEFloatData
                    0x0806                  _Day
                    0x0808                  _PrevDay
                    0x080a                  _debugVar
                    0x0814                  __powers_
                    0x08c4                  __npowers_
                    0x0a3e                  __iob
                    0x0a62                  __Files
                    0x0a64                  __outdone
                    0x0a65                  __sibuf
                    0x0a67                  __sobuf
                    0x0a6a                  ___C30_UART

External Symbols in Data Memory (by name):

                    0x0806                  _Day
                    0x0802                  _EEFloatData
                    0x0800                  _MessageBeingTransmitted
                    0x0808                  _PrevDay
                    0x0a62                  __Files
                    0x0a6a                  ___C30_UART
                    0x0a3e                  __iob
                    0x08c4                  __npowers_
                    0x0a64                  __outdone
                    0x0814                  __powers_
                    0x0a65                  __sibuf
                    0x0a67                  __sobuf
                    0x080a                  _debugVar

External Symbols in Data EEPROM (by address):

                  0x7ffe00                  _eeData

External Symbols in Data EEPROM (by name):

                  0x7ffe00                  _eeData

External Symbols in Program Memory (by address):

                  0x000200                  __resetPRI
                  0x00022c                  __psv_init
                  0x00023c                  __data_init
                  0x00023c                  __data_init_standard
                  0x0002a8                  __T1Interrupt
                  0x0002bc                  _ConfigTimerT1WithInt
                  0x0002f0                  _ConfigTimerT2NoInt
                  0x000300                  _UART_init
                  0x000312                  _initialization
                  0x000358                  _readWaterSensor
                  0x0003d2                  _readWaterSensor2
                  0x00044e                  _initAdc
                  0x000490                  _readAdc
                  0x0004c0                  __DefaultInterrupt
                  0x0004d2                  __CNInterrupt
                  0x000550                  _main
                  0x000700                  ___subsf3
                  0x000702                  ___addsf3
                  0x0007bc                  ___divsf3
                  0x000840                  ___fixsfsi
                  0x000882                  ___fixunssfsi
                  0x0008b8                  ___floatsisf
                  0x0008be                  ___floatunsisf
                  0x0008c2                  __fpack
                  0x00090e                  __funpack
                  0x000938                  __funpack2
                  0x000948                  __fPropagateNaN
                  0x00095a                  __fbopExit
                  0x000962                  __fbopReturnNaN
                  0x000968                  ___mulsf3
                  0x0009d0                  ___floatdisf
                  0x0009f0                  ___floatundisf
                  0x000a4e                  __sprintf_fF
                  0x000a4e                  __sprintf_cdfFnopuxX
                  0x000c0a                  __vfprintf_cdfFnopuxX
                  0x000c0a                  __vfprintf_fF
                  0x001890                  ___adddf3
                  0x00198a                  ___eqdf2
                  0x00198a                  ___ledf2
                  0x00198a                  ___ltdf2
                  0x001994                  ___gedf2
                  0x001994                  ___gtdf2
                  0x00199e                  ___divdf3
                  0x001a52                  ___nedf2
                  0x001a5c                  __dpack
                  0x001ab4                  __dunpack2
                  0x001ad6                  __dreturnNaN
                  0x001adc                  __dunpack2exit
                  0x001ae6                  ___extendsfdf2
                  0x001b24                  ___fixunsdfdi
                  0x001b86                  ___floatundidf
                  0x001bdc                  _frexpl
                  0x001bdc                  _frexp
                  0x001c16                  ___muldf3
                  0x001d00                  ___subdf3
                  0x001d04                  ___udivsi3
                  0x001d24                  ___mulp32eds3
                  0x001d24                  ___mulp32peds3
                  0x001d24                  ___mulsi3
                  0x001d7c                  ___udivmoddi3
                  0x001e62                  ___udivdi3
                  0x001e70                  ___umoddi3
                  0x001e78                  ___divdi3
                  0x001ed8                  ___moddi3
                  0x001f34                  ___muldi3
                  0x001f86                  __dcompare
                  0x001fd8                  __dPropagateNaN
                  0x001ff4                  __dtype
                  0x002018                  __dunpack
                  0x002066                  ___umuldi3
                  0x0020aa                  _pulseWidthThreshold
                  0x0020ac                  _countdownArray
                  0x0020b8                  _countdownResetArray
                  0x00215c                  _CheckBattery
                  0x0021a0                  _readBatteryPin
                  0x0021b8                  _BcdToDec
                  0x0021e6                  _DecToBcd
                  0x002214                  _getLowerBCDAsDecimal
                  0x002232                  _getUpperBCDAsDecimal
                  0x002252                  _setRTCC
                  0x0022c0                  _GetRTCCmonth
                  0x0022f2                  _GetRTCCday
                  0x00231c                  _GetRTCChour
                  0x002346                  _stringLength
                  0x002364                  _sendMessage
                  0x00239e                  _ReportHoursOfPumping
                  0x002412                  _EEProm_Write_Int
                  0x002456                  _EEProm_Read_Int
                  0x00247a                  _EEProm_Read_Float
                  0x0024ca                  _EEProm_Write_Float
                  0x002556                  _ClearEEProm
                  0x0025e0                  _delayMs
                  0x00260e                  __RTCCInterrupt
                  0x002622                  _initSleep
                  0x002660                  _sleepForPeriod
                  0x0026ce                  _resetCheckRemedy
                  0xf80000                  __FBS.sec
                  0xf80004                  __FGS.sec

External Symbols in Program Memory (by name):

                  0x0021b8                  _BcdToDec
                  0x00215c                  _CheckBattery
                  0x002556                  _ClearEEProm
                  0x0002bc                  _ConfigTimerT1WithInt
                  0x0002f0                  _ConfigTimerT2NoInt
                  0x0021e6                  _DecToBcd
                  0x00247a                  _EEProm_Read_Float
                  0x002456                  _EEProm_Read_Int
                  0x0024ca                  _EEProm_Write_Float
                  0x002412                  _EEProm_Write_Int
                  0x0022f2                  _GetRTCCday
                  0x00231c                  _GetRTCChour
                  0x0022c0                  _GetRTCCmonth
                  0x00239e                  _ReportHoursOfPumping
                  0x000300                  _UART_init
                  0x0004d2                  __CNInterrupt
                  0x0004c0                  __DefaultInterrupt
                  0xf80000                  __FBS.sec
                  0xf80004                  __FGS.sec
                  0x00260e                  __RTCCInterrupt
                  0x0002a8                  __T1Interrupt
                  0x001890                  ___adddf3
                  0x000702                  ___addsf3
                  0x00199e                  ___divdf3
                  0x001e78                  ___divdi3
                  0x0007bc                  ___divsf3
                  0x00198a                  ___eqdf2
                  0x001ae6                  ___extendsfdf2
                  0x000840                  ___fixsfsi
                  0x001b24                  ___fixunsdfdi
                  0x000882                  ___fixunssfsi
                  0x0009d0                  ___floatdisf
                  0x0008b8                  ___floatsisf
                  0x001b86                  ___floatundidf
                  0x0009f0                  ___floatundisf
                  0x0008be                  ___floatunsisf
                  0x001994                  ___gedf2
                  0x001994                  ___gtdf2
                  0x00198a                  ___ledf2
                  0x00198a                  ___ltdf2
                  0x001ed8                  ___moddi3
                  0x001c16                  ___muldf3
                  0x001f34                  ___muldi3
                  0x001d24                  ___mulp32eds3
                  0x001d24                  ___mulp32peds3
                  0x000968                  ___mulsf3
                  0x001d24                  ___mulsi3
                  0x001a52                  ___nedf2
                  0x001d00                  ___subdf3
                  0x000700                  ___subsf3
                  0x001e62                  ___udivdi3
                  0x001d7c                  ___udivmoddi3
                  0x001d04                  ___udivsi3
                  0x001e70                  ___umoddi3
                  0x002066                  ___umuldi3
                  0x001fd8                  __dPropagateNaN
                  0x00023c                  __data_init
                  0x00023c                  __data_init_standard
                  0x001f86                  __dcompare
                  0x001a5c                  __dpack
                  0x001ad6                  __dreturnNaN
                  0x001ff4                  __dtype
                  0x002018                  __dunpack
                  0x001ab4                  __dunpack2
                  0x001adc                  __dunpack2exit
                  0x000948                  __fPropagateNaN
                  0x00095a                  __fbopExit
                  0x000962                  __fbopReturnNaN
                  0x0008c2                  __fpack
                  0x00090e                  __funpack
                  0x000938                  __funpack2
                  0x00022c                  __psv_init
                  0x000200                  __resetPRI
                  0x000a4e                  __sprintf_cdfFnopuxX
                  0x000a4e                  __sprintf_fF
                  0x000c0a                  __vfprintf_cdfFnopuxX
                  0x000c0a                  __vfprintf_fF
                  0x0020ac                  _countdownArray
                  0x0020b8                  _countdownResetArray
                  0x0025e0                  _delayMs
                  0x001bdc                  _frexp
                  0x001bdc                  _frexpl
                  0x002214                  _getLowerBCDAsDecimal
                  0x002232                  _getUpperBCDAsDecimal
                  0x00044e                  _initAdc
                  0x002622                  _initSleep
                  0x000312                  _initialization
                  0x000550                  _main
                  0x0020aa                  _pulseWidthThreshold
                  0x000490                  _readAdc
                  0x0021a0                  _readBatteryPin
                  0x000358                  _readWaterSensor
                  0x0003d2                  _readWaterSensor2
                  0x0026ce                  _resetCheckRemedy
                  0x002364                  _sendMessage
                  0x002252                  _setRTCC
                  0x002660                  _sleepForPeriod
                  0x002346                  _stringLength

Memory Configuration

Name             Origin             Length             Attributes
data             0x000800           0x000600           a !xr
reset            0x000000           0x000004  
ivt              0x000004           0x0000fc  
_reserved        0x000100           0x000004  
aivt             0x000104           0x0000fc  
program          0x000200           0x002a00           xr
eedata           0x7ffe00           0x000200  
FBS              0xf80000           0x000002  
FGS              0xf80004           0x000002  
FOSCSEL          0xf80006           0x000002  
FOSC             0xf80008           0x000002  
FWDT             0xf8000a           0x000002  
FPOR             0xf8000c           0x000002  
FICD             0xf8000e           0x000002  
FDS              0xf80010           0x000002  
*default*        0x000000           0xffffffff  

Linker script and memory map

LOAD build/default/production/main.o
LOAD build/default/production/utilities.o
                    0x0001                  __MPLAB_BUILD = 0x1
LOAD pPIC24Fxxx
LOAD c:/program files (x86)/microchip/xc16/v1.26/bin/bin/../../lib\libfx-elf.a
                    0xf80000                  __FBS = 0xf80000
                    0xf80004                  __FGS = 0xf80004
                    0xf80006                  __FOSCSEL = 0xf80006
                    0xf80008                  __FOSC = 0xf80008
                    0xf8000a                  __FWDT = 0xf8000a
                    0xf8000c                  __FPOR = 0xf8000c
                    0xf8000e                  __FICD = 0xf8000e
                    0xf80010                  __FDS = 0xf80010
                    0x0001                  __NO_HANDLES = 0x1
                    0x0200                  __CODE_BASE = 0x200
                    0x2a00                  __CODE_LENGTH = 0x2a00
                    0x0004                  __IVT_BASE = 0x4
                    0x0104                  __AIVT_BASE = 0x104
                    0x0800                  __DATA_BASE = 0x800
                    0x0600                  __DATA_LENGTH = 0x600

.reset            0x000000          0x4
                  0x000000          0x2 SHORT 0x200 ABSOLUTE (__reset)
                  0x000001          0x2 SHORT 0x4
                  0x000002          0x2 SHORT 0x0 ((ABSOLUTE (__reset) >> 0x10) & 0x7f)
                  0x000003          0x2 SHORT 0x0

.text             0x000200       0x1eaa
 *(.init)
 .init            0x000200         0x3c c:/program files (x86)/microchip/xc16/v1.26/bin/bin/../../lib\libpic30-elf.a(crt0_standard.o)
                  0x000200                  __resetPRI
                  0x000200                  __reset
                  0x00022c                  __psv_init
 .init            0x00023c         0x6c c:/program files (x86)/microchip/xc16/v1.26/bin/bin/../../lib\libpic30-elf.a(data_init_standard.o)
                  0x00023c                  __data_init_standard
                  0x00023c                  __data_init
 *(.user_init)
 *(.handle)
 *(.isr*)
 .isr.text        0x0002a8        0x3fc build/default/production/main.o
                  0x0002a8                  __T1Interrupt
                  0x0002bc                  _ConfigTimerT1WithInt
                  0x0002f0                  _ConfigTimerT2NoInt
                  0x000300                  _UART_init
                  0x000312                  _initialization
                  0x000358                  _readWaterSensor
                  0x0003d2                  _readWaterSensor2
                  0x00044e                  _initAdc
                  0x000490                  _readAdc
                  0x0004c0                  __DefaultInterrupt
                  0x0004d2                  __CNInterrupt
                  0x000550                  _main
 *(.libc)
 .libc            0x0006a4         0x5c c:/program files (x86)/microchip/xc16/v1.26/bin/bin/../../lib\libpic30-elf.a(write.eo)
                  0x0006a4                  _write
 *(.libm)
 *(.libdsp)
 *(.lib*)
 .libm.subsf3     0x000700         0xbc c:/program files (x86)/microchip/xc16/v1.26/bin/bin/../../lib\libm-elf.a(addsf3.eo)
                  0x000700                  ___subsf3
                  0x000702                  ___addsf3
 .libm.divfs3     0x0007bc         0x84 c:/program files (x86)/microchip/xc16/v1.26/bin/bin/../../lib\libm-elf.a(divsf3.eo)
                  0x0007bc                  ___divsf3
 .libm.fixsfsi    0x000840         0x42 c:/program files (x86)/microchip/xc16/v1.26/bin/bin/../../lib\libm-elf.a(fixsfsi.eo)
                  0x000840                  _(float, int, long long, short, float, short, int)
 .libm.fixunssfsi
                  0x000882         0x36 c:/program files (x86)/microchip/xc16/v1.26/bin/bin/../../lib\libm-elf.a(fixunssfsi.eo)
                  0x000882                  ___fixunssfsi
 .libm.floatsisf
                  0x0008b8          0x6 c:/program files (x86)/microchip/xc16/v1.26/bin/bin/../../lib\libm-elf.a(floatsisf.eo)
                  0x0008b8                  ___floatsisf
 .libm.floatunsisf
                  0x0008be          0x4 c:/program files (x86)/microchip/xc16/v1.26/bin/bin/../../lib\libm-elf.a(floatunsisf.eo)
                  0x0008be                  ___floatunsisf
 .libm.fpack      0x0008c2         0x4c c:/program files (x86)/microchip/xc16/v1.26/bin/bin/../../lib\libm-elf.a(fpack.eo)
                  0x0008c2                  __fpack
 .libm.funpack    0x00090e         0x2a c:/program files (x86)/microchip/xc16/v1.26/bin/bin/../../lib\libm-elf.a(funpack.eo)
                  0x00090e                  __funpack
 .libm.funpack2
                  0x000938         0x10 c:/program files (x86)/microchip/xc16/v1.26/bin/bin/../../lib\libm-elf.a(funpack2.eo)
                  0x000938                  __funpack2
 .libm.fPropagateNaN
                  0x000948         0x12 c:/program files (x86)/microchip/xc16/v1.26/bin/bin/../../lib\libm-elf.a(futil.eo)
                  0x000948                  __fPropagateNaN
 .libm.fbobExit
                  0x00095a          0x8 c:/program files (x86)/microchip/xc16/v1.26/bin/bin/../../lib\libm-elf.a(futil.eo)
                  0x00095a                  __fbopExit
 .libm.fbopReturnNaN
                  0x000962          0x6 c:/program files (x86)/microchip/xc16/v1.26/bin/bin/../../lib\libm-elf.a(futil.eo)
                  0x000962                  __fbopReturnNaN
 .libm.mulsf3     0x000968         0x68 c:/program files (x86)/microchip/xc16/v1.26/bin/bin/../../lib\libm-elf.a(mulsf3.eo)
                  0x000968                  ___mulsf3
 .libm.floatdisf
                  0x0009d0         0x20 c:/program files (x86)/microchip/xc16/v1.26/bin/bin/../../lib\libm-elf.a(floatdisf.eo)
                  0x0009d0                  ___floatdisf
 .libm.floatundisf
                  0x0009f0         0x5e c:/program files (x86)/microchip/xc16/v1.26/bin/bin/../../lib\libm-elf.a(floatundisf.eo)
                  0x0009f0                  ___floatundisf
 .libc._sprintf_cdfFnopuxX
                  0x000a4e         0x2c c:/program files (x86)/microchip/xc16/v1.26/bin/bin/../../lib\libc-elf.a(sprintf_cdfFnopuxX.XXeo)
                  0x000a4e                  __sprintf_cdfFnopuxX
                  0x000a4e                  __sprintf_fF
 .libc.fround     0x000a7a         0xba c:/program files (x86)/microchip/xc16/v1.26/bin/bin/../../lib\libc-elf.a(doprnt_cdfFnopuxX.XXeo)
 .libc.scale      0x000b34         0xc4 c:/program files (x86)/microchip/xc16/v1.26/bin/bin/../../lib\libc-elf.a(doprnt_cdfFnopuxX.XXeo)
 .libc.sputc      0x000bf8         0x12 c:/program files (x86)/microchip/xc16/v1.26/bin/bin/../../lib\libc-elf.a(doprnt_cdfFnopuxX.XXeo)
 .libc._vfprintf_cdfFnopuxX
                  0x000c0a        0xb7e c:/program files (x86)/microchip/xc16/v1.26/bin/bin/../../lib\libc-elf.a(doprnt_cdfFnopuxX.XXeo)
                  0x000c0a                  __vfprintf_cdfFnopuxX
                  0x000c0a                  __vfprintf_fF
 .libc.fputc      0x001788         0x86 c:/program files (x86)/microchip/xc16/v1.26/bin/bin/../../lib\libc-elf.a(fputc.eo)
                  0x001788                  _fputc
 .libc._flsbuf    0x00180e         0x7e c:/program files (x86)/microchip/xc16/v1.26/bin/bin/../../lib\libc-elf.a(flsbuf.eo)
                  0x00180e                  __flsbuf
 .libc.dowrite    0x00188c          0x4 c:/program files (x86)/microchip/xc16/v1.26/bin/bin/../../lib\libpic30-elf.a(write.eo)
 .libm.adddf3     0x001890         0xfa c:/program files (x86)/microchip/xc16/v1.26/bin/bin/../../lib\libm-elf.a(adddf3.eo)
                  0x001890                  ___adddf3
 .libm.eqdf2      0x00198a          0xa c:/program files (x86)/microchip/xc16/v1.26/bin/bin/../../lib\libm-elf.a(deqltle.eo)
                  0x00198a                  ___eqdf2
                  0x00198a                  ___ltdf2
                  0x00198a                  ___ledf2
 .libm.gtdf2      0x001994          0xa c:/program files (x86)/microchip/xc16/v1.26/bin/bin/../../lib\libm-elf.a(dgtge.eo)
                  0x001994                  ___gtdf2
                  0x001994                  ___gedf2
 .libm.divdf3     0x00199e         0xb4 c:/program files (x86)/microchip/xc16/v1.26/bin/bin/../../lib\libm-elf.a(divdf3.eo)
                  0x00199e                  ___divdf3
 .libm.nedf2      0x001a52          0xa c:/program files (x86)/microchip/xc16/v1.26/bin/bin/../../lib\libm-elf.a(dne.eo)
                  0x001a52                  ___nedf2
 .libm.dpack      0x001a5c         0x58 c:/program files (x86)/microchip/xc16/v1.26/bin/bin/../../lib\libm-elf.a(dpack.eo)
                  0x001a5c                  __dpack
 .libm.dunpack2
                  0x001ab4         0x32 c:/program files (x86)/microchip/xc16/v1.26/bin/bin/../../lib\libm-elf.a(dunpack2.eo)
                  0x001ab4                  __dunpack2
                  0x001ad6                  __dreturnNaN
                  0x001adc                  __dunpack2exit
 .libm.extendsfdf2
                  0x001ae6         0x3e c:/program files (x86)/microchip/xc16/v1.26/bin/bin/../../lib\libm-elf.a(extendsfdf.eo)
                  0x001ae6                  ___extendsfdf2
 .libm.fixunsdfdi
                  0x001b24         0x62 c:/program files (x86)/microchip/xc16/v1.26/bin/bin/../../lib\libm-elf.a(fixunsdfdi.eo)
                  0x001b24                  ___fixunsdfdi
 .libm.floatundidf
                  0x001b86         0x56 c:/program files (x86)/microchip/xc16/v1.26/bin/bin/../../lib\libm-elf.a(floatundidf.eo)
                  0x001b86                  ___floatundidf
 .libm.frexp      0x001bdc         0x3a c:/program files (x86)/microchip/xc16/v1.26/bin/bin/../../lib\libm-elf.a(frexp.eo)
                  0x001bdc                  _frexp
                  0x001bdc                  _frexpl
 .libm.muldf3     0x001c16         0xea c:/program files (x86)/microchip/xc16/v1.26/bin/bin/../../lib\libm-elf.a(muldf3.eo)
                  0x001c16                  ___muldf3
 .libm.subdf3     0x001d00          0x4 c:/program files (x86)/microchip/xc16/v1.26/bin/bin/../../lib\libm-elf.a(subdf3.eo)
                  0x001d00                  ___subdf3
 .libm.udivsi3    0x001d04         0x20 c:/program files (x86)/microchip/xc16/v1.26/bin/bin/../../lib\libm-elf.a(udivsi3.eo)
                  0x001d04                  ___udivsi3
 .libm.mulsi3     0x001d24          0xc c:/program files (x86)/microchip/xc16/v1.26/bin/bin/../../lib\libm-elf.a(mulsi3.eo)
                  0x001d24                  ___mulp32peds3
                  0x001d24                  ___mulsi3
                  0x001d24                  ___mulp32eds3
 .libm.__PplusBdi
                  0x001d30         0x26 c:/program files (x86)/microchip/xc16/v1.26/bin/bin/../../lib\libm-elf.a(divmoddi3.eo)
 .libm.__PminusBdi
                  0x001d56         0x26 c:/program files (x86)/microchip/xc16/v1.26/bin/bin/../../lib\libm-elf.a(divmoddi3.eo)
 .libm.__udivmoddi3
                  0x001d7c         0xe6 c:/program files (x86)/microchip/xc16/v1.26/bin/bin/../../lib\libm-elf.a(divmoddi3.eo)
                  0x001d7c                  ___udivmoddi3
 .libm.__udivdi3
                  0x001e62          0xe c:/program files (x86)/microchip/xc16/v1.26/bin/bin/../../lib\libm-elf.a(divmoddi3.eo)
                  0x001e62                  ___udivdi3
 .libm.__umoddi3
                  0x001e70          0x8 c:/program files (x86)/microchip/xc16/v1.26/bin/bin/../../lib\libm-elf.a(divmoddi3.eo)
                  0x001e70                  ___umoddi3
 .libm.__divdi3
                  0x001e78         0x60 c:/program files (x86)/microchip/xc16/v1.26/bin/bin/../../lib\libm-elf.a(divmoddi3.eo)
                  0x001e78                  ___divdi3
 .libm.__moddi3
                  0x001ed8         0x5c c:/program files (x86)/microchip/xc16/v1.26/bin/bin/../../lib\libm-elf.a(divmoddi3.eo)
                  0x001ed8                  ___moddi3
 .libm.__muldi3
                  0x001f34         0x52 c:/program files (x86)/microchip/xc16/v1.26/bin/bin/../../lib\libm-elf.a(muldi3.eo)
                  0x001f34                  ___muldi3
 .libm.dcompare
                  0x001f86         0x52 c:/program files (x86)/microchip/xc16/v1.26/bin/bin/../../lib\libm-elf.a(dcompare.eo)
                  0x001f86                  __dcompare
 .libm.dPropagateNaN
                  0x001fd8         0x1c c:/program files (x86)/microchip/xc16/v1.26/bin/bin/../../lib\libm-elf.a(dpropagateNaN.eo)
                  0x001fd8                  __dPropagateNaN
 .libm.dtype      0x001ff4         0x24 c:/program files (x86)/microchip/xc16/v1.26/bin/bin/../../lib\libm-elf.a(dtype.eo)
                  0x001ff4                  __dtype
 .libm.dunpack    0x002018         0x4e c:/program files (x86)/microchip/xc16/v1.26/bin/bin/../../lib\libm-elf.a(dunpack.eo)
                  0x002018                  __dunpack
 .libm.umuldi3    0x002066         0x44 c:/program files (x86)/microchip/xc16/v1.26/bin/bin/../../lib\libm-elf.a(umuldi3.eo)
                  0x002066                  ___umuldi3

usercode
 *(usercode)

__FBS             0xf80000          0x2
 *(__FBS.sec*)
 __FBS.sec        0xf80000          0x2 FBS
                  0xf80000                  __FBS.sec

__FGS             0xf80004          0x2
 *(__FGS.sec*)
 __FGS.sec        0xf80004          0x2 FGS
                  0xf80004                  __FGS.sec

__FOSCSEL
 *(__FOSCSEL.sec*)

__FOSC
 *(__FOSC.sec*)

__FWDT
 *(__FWDT.sec*)

__FPOR
 *(__FPOR.sec*)

__FICD
 *(__FICD.sec*)

__FDS
 *(__FDS.sec*)

.comment
 *(.comment)

.debug_info       0x000000       0x36f6
 *(.debug_info)
 .debug_info      0x000000       0x1d75 build/default/production/main.o
 .debug_info      0x001d75       0x1981 build/default/production/utilities.o
 *(.gnu.linkonce.wi.*)

.debug_abbrev     0x000000        0x48a
 *(.debug_abbrev)
 .debug_abbrev    0x000000        0x25a build/default/production/main.o
 .debug_abbrev    0x00025a        0x230 build/default/production/utilities.o

.debug_line       0x000000        0x3b4
 *(.debug_line)
 .debug_line      0x000000        0x1cf build/default/production/main.o
 .debug_line      0x0001cf        0x1e5 build/default/production/utilities.o

.debug_frame      0x000000        0x46a
 *(.debug_frame)
 .debug_frame     0x000000        0x1b0 build/default/production/main.o
 .debug_frame     0x0001b0        0x2ba build/default/production/utilities.o

.debug_str        0x000000        0x191
 *(.debug_str)
 .debug_str       0x000000         0xea build/default/production/main.o
 .debug_str       0x0000ea         0xa7 build/default/production/utilities.o

.debug_loc
 *(.debug_loc)

.debug_macinfo
 *(.debug_macinfo)

.debug_pubnames
                  0x000000        0x333
 *(.debug_pubnames)
 .debug_pubnames
                  0x000000        0x128 build/default/production/main.o
 .debug_pubnames
                  0x000128        0x20b build/default/production/utilities.o

.debug_ranges
 *(.debug_ranges)

.debug_aranges    0x000000         0x30
 *(.debug_aranges)
 .debug_aranges
                  0x000000         0x18 build/default/production/main.o
 .debug_aranges
                  0x000018         0x18 build/default/production/utilities.o
                    0x0000                  WREG0 = 0x0
                    0x0000                  _WREG0 = 0x0
                    0x0002                  WREG1 = 0x2
                    0x0002                  _WREG1 = 0x2
                    0x0004                  WREG2 = 0x4
                    0x0004                  _WREG2 = 0x4
                    0x0006                  WREG3 = 0x6
                    0x0006                  _WREG3 = 0x6
                    0x0008                  WREG4 = 0x8
                    0x0008                  _WREG4 = 0x8
                    0x000a                  WREG5 = 0xa
                    0x000a                  _WREG5 = 0xa
                    0x000c                  WREG6 = 0xc
                    0x000c                  _WREG6 = 0xc
                    0x000e                  WREG7 = 0xe
                    0x000e                  _WREG7 = 0xe
                    0x0010                  WREG8 = 0x10
                    0x0010                  _WREG8 = 0x10
                    0x0012                  WREG9 = 0x12
                    0x0012                  _WREG9 = 0x12
                    0x0014                  WREG10 = 0x14
                    0x0014                  _WREG10 = 0x14
                    0x0016                  WREG11 = 0x16
                    0x0016                  _WREG11 = 0x16
                    0x0018                  WREG12 = 0x18
                    0x0018                  _WREG12 = 0x18
                    0x001a                  WREG13 = 0x1a
                    0x001a                  _WREG13 = 0x1a
                    0x001c                  WREG14 = 0x1c
                    0x001c                  _WREG14 = 0x1c
                    0x001e                  WREG15 = 0x1e
                    0x001e                  _WREG15 = 0x1e
                    0x0020                  SPLIM = 0x20
                    0x0020                  _SPLIM = 0x20
                    0x002e                  PCL = 0x2e
                    0x002e                  _PCL = 0x2e
                    0x0030                  PCH = 0x30
                    0x0030                  _PCH = 0x30
                    0x0032                  TBLPAG = 0x32
                    0x0032                  _TBLPAG = 0x32
                    0x0034                  PSVPAG = 0x34
                    0x0034                  _PSVPAG = 0x34
                    0x0036                  RCOUNT = 0x36
                    0x0036                  _RCOUNT = 0x36
                    0x0042                  SR = 0x42
                    0x0042                  _SR = 0x42
                    0x0042                  _SRbits = 0x42
                    0x0044                  CORCON = 0x44
                    0x0044                  _CORCON = 0x44
                    0x0044                  _CORCONbits = 0x44
                    0x0052                  DISICNT = 0x52
                    0x0052                  _DISICNT = 0x52
                    0x0060                  CNEN1 = 0x60
                    0x0060                  _CNEN1 = 0x60
                    0x0060                  _CNEN1bits = 0x60
                    0x0062                  CNEN2 = 0x62
                    0x0062                  _CNEN2 = 0x62
                    0x0062                  _CNEN2bits = 0x62
                    0x0068                  CNPU1 = 0x68
                    0x0068                  _CNPU1 = 0x68
                    0x0068                  _CNPU1bits = 0x68
                    0x006a                  CNPU2 = 0x6a
                    0x006a                  _CNPU2 = 0x6a
                    0x006a                  _CNPU2bits = 0x6a
                    0x0070                  CNPD1 = 0x70
                    0x0070                  _CNPD1 = 0x70
                    0x0070                  _CNPD1bits = 0x70
                    0x0072                  CNPD2 = 0x72
                    0x0072                  _CNPD2 = 0x72
                    0x0072                  _CNPD2bits = 0x72
                    0x0080                  INTCON1 = 0x80
                    0x0080                  _INTCON1 = 0x80
                    0x0080                  _INTCON1bits = 0x80
                    0x0082                  INTCON2 = 0x82
                    0x0082                  _INTCON2 = 0x82
                    0x0082                  _INTCON2bits = 0x82
                    0x0084                  IFS0 = 0x84
                    0x0084                  _IFS0 = 0x84
                    0x0084                  _IFS0bits = 0x84
                    0x0086                  IFS1 = 0x86
                    0x0086                  _IFS1 = 0x86
                    0x0086                  _IFS1bits = 0x86
                    0x008a                  IFS3 = 0x8a
                    0x008a                  _IFS3 = 0x8a
                    0x008a                  _IFS3bits = 0x8a
                    0x008c                  IFS4 = 0x8c
                    0x008c                  _IFS4 = 0x8c
                    0x008c                  _IFS4bits = 0x8c
                    0x0094                  IEC0 = 0x94
                    0x0094                  _IEC0 = 0x94
                    0x0094                  _IEC0bits = 0x94
                    0x0096                  IEC1 = 0x96
                    0x0096                  _IEC1 = 0x96
                    0x0096                  _IEC1bits = 0x96
                    0x009a                  IEC3 = 0x9a
                    0x009a                  _IEC3 = 0x9a
                    0x009a                  _IEC3bits = 0x9a
                    0x009c                  IEC4 = 0x9c
                    0x009c                  _IEC4 = 0x9c
                    0x009c                  _IEC4bits = 0x9c
                    0x00a4                  IPC0 = 0xa4
                    0x00a4                  _IPC0 = 0xa4
                    0x00a4                  _IPC0bits = 0xa4
                    0x00a6                  IPC1 = 0xa6
                    0x00a6                  _IPC1 = 0xa6
                    0x00a6                  _IPC1bits = 0xa6
                    0x00a8                  IPC2 = 0xa8
                    0x00a8                  _IPC2 = 0xa8
                    0x00a8                  _IPC2bits = 0xa8
                    0x00aa                  IPC3 = 0xaa
                    0x00aa                  _IPC3 = 0xaa
                    0x00aa                  _IPC3bits = 0xaa
                    0x00ac                  IPC4 = 0xac
                    0x00ac                  _IPC4 = 0xac
                    0x00ac                  _IPC4bits = 0xac
                    0x00ae                  IPC5 = 0xae
                    0x00ae                  _IPC5 = 0xae
                    0x00ae                  _IPC5bits = 0xae
                    0x00b2                  IPC7 = 0xb2
                    0x00b2                  _IPC7 = 0xb2
                    0x00b2                  _IPC7bits = 0xb2
                    0x00c2                  IPC15 = 0xc2
                    0x00c2                  _IPC15 = 0xc2
                    0x00c2                  _IPC15bits = 0xc2
                    0x00c4                  IPC16 = 0xc4
                    0x00c4                  _IPC16 = 0xc4
                    0x00c4                  _IPC16bits = 0xc4
                    0x00c8                  IPC18 = 0xc8
                    0x00c8                  _IPC18 = 0xc8
                    0x00c8                  _IPC18bits = 0xc8
                    0x00ca                  IPC19 = 0xca
                    0x00ca                  _IPC19 = 0xca
                    0x00ca                  _IPC19bits = 0xca
                    0x00e0                  INTTREG = 0xe0
                    0x00e0                  _INTTREG = 0xe0
                    0x00e0                  _INTTREGbits = 0xe0
                    0x0100                  TMR1 = 0x100
                    0x0100                  _TMR1 = 0x100
                    0x0102                  PR1 = 0x102
                    0x0102                  _PR1 = 0x102
                    0x0104                  T1CON = 0x104
                    0x0104                  _T1CON = 0x104
                    0x0104                  _T1CONbits = 0x104
                    0x0106                  TMR2 = 0x106
                    0x0106                  _TMR2 = 0x106
                    0x0108                  TMR3HLD = 0x108
                    0x0108                  _TMR3HLD = 0x108
                    0x010a                  TMR3 = 0x10a
                    0x010a                  _TMR3 = 0x10a
                    0x010c                  PR2 = 0x10c
                    0x010c                  _PR2 = 0x10c
                    0x010e                  PR3 = 0x10e
                    0x010e                  _PR3 = 0x10e
                    0x0110                  T2CON = 0x110
                    0x0110                  _T2CON = 0x110
                    0x0110                  _T2CONbits = 0x110
                    0x0112                  T3CON = 0x112
                    0x0112                  _T3CON = 0x112
                    0x0112                  _T3CONbits = 0x112
                    0x0140                  IC1BUF = 0x140
                    0x0140                  _IC1BUF = 0x140
                    0x0142                  IC1CON = 0x142
                    0x0142                  _IC1CON = 0x142
                    0x0142                  _IC1CONbits = 0x142
                    0x0180                  OC1RS = 0x180
                    0x0180                  _OC1RS = 0x180
                    0x0182                  OC1R = 0x182
                    0x0182                  _OC1R = 0x182
                    0x0184                  OC1CON = 0x184
                    0x0184                  _OC1CON = 0x184
                    0x0184                  _OC1CONbits = 0x184
                    0x0200                  I2C1RCV = 0x200
                    0x0200                  _I2C1RCV = 0x200
                    0x0202                  I2C1TRN = 0x202
                    0x0202                  _I2C1TRN = 0x202
                    0x0204                  I2C1BRG = 0x204
                    0x0204                  _I2C1BRG = 0x204
                    0x0206                  I2C1CON = 0x206
                    0x0206                  _I2C1CON = 0x206
                    0x0206                  _I2C1CONbits = 0x206
                    0x0208                  I2C1STAT = 0x208
                    0x0208                  _I2C1STAT = 0x208
                    0x0208                  _I2C1STATbits = 0x208
                    0x020a                  I2C1ADD = 0x20a
                    0x020a                  _I2C1ADD = 0x20a
                    0x020c                  I2C1MSK = 0x20c
                    0x020c                  _I2C1MSK = 0x20c
                    0x020c                  _I2C1MSKbits = 0x20c
                    0x0220                  U1MODE = 0x220
                    0x0220                  _U1MODE = 0x220
                    0x0220                  _U1MODEbits = 0x220
                    0x0222                  U1STA = 0x222
                    0x0222                  _U1STA = 0x222
                    0x0222                  _U1STAbits = 0x222
                    0x0224                  U1TXREG = 0x224
                    0x0224                  _U1TXREG = 0x224
                    0x0226                  U1RXREG = 0x226
                    0x0226                  _U1RXREG = 0x226
                    0x0228                  U1BRG = 0x228
                    0x0228                  _U1BRG = 0x228
                    0x0230                  U2MODE = 0x230
                    0x0230                  _U2MODE = 0x230
                    0x0230                  _U2MODEbits = 0x230
                    0x0232                  U2STA = 0x232
                    0x0232                  _U2STA = 0x232
                    0x0232                  _U2STAbits = 0x232
                    0x0234                  U2TXREG = 0x234
                    0x0234                  _U2TXREG = 0x234
                    0x0236                  U2RXREG = 0x236
                    0x0236                  _U2RXREG = 0x236
                    0x0238                  U2BRG = 0x238
                    0x0238                  _U2BRG = 0x238
                    0x0240                  SPI1STAT = 0x240
                    0x0240                  _SPI1STAT = 0x240
                    0x0240                  _SPI1STATbits = 0x240
                    0x0242                  SPI1CON1 = 0x242
                    0x0242                  _SPI1CON1 = 0x242
                    0x0242                  _SPI1CON1bits = 0x242
                    0x0244                  SPI1CON2 = 0x244
                    0x0244                  _SPI1CON2 = 0x244
                    0x0244                  _SPI1CON2bits = 0x244
                    0x0248                  SPI1BUF = 0x248
                    0x0248                  _SPI1BUF = 0x248
                    0x02c0                  TRISA = 0x2c0
                    0x02c0                  _TRISA = 0x2c0
                    0x02c0                  _TRISAbits = 0x2c0
                    0x02c2                  PORTA = 0x2c2
                    0x02c2                  _PORTA = 0x2c2
                    0x02c2                  _PORTAbits = 0x2c2
                    0x02c4                  LATA = 0x2c4
                    0x02c4                  _LATA = 0x2c4
                    0x02c4                  _LATAbits = 0x2c4
                    0x02c6                  ODCA = 0x2c6
                    0x02c6                  _ODCA = 0x2c6
                    0x02c6                  _ODCAbits = 0x2c6
                    0x02c8                  TRISB = 0x2c8
                    0x02c8                  _TRISB = 0x2c8
                    0x02c8                  _TRISBbits = 0x2c8
                    0x02ca                  PORTB = 0x2ca
                    0x02ca                  _PORTB = 0x2ca
                    0x02ca                  _PORTBbits = 0x2ca
                    0x02cc                  LATB = 0x2cc
                    0x02cc                  _LATB = 0x2cc
                    0x02cc                  _LATBbits = 0x2cc
                    0x02ce                  ODCB = 0x2ce
                    0x02ce                  _ODCB = 0x2ce
                    0x02ce                  _ODCBbits = 0x2ce
                    0x02fc                  PADCFG1 = 0x2fc
                    0x02fc                  _PADCFG1 = 0x2fc
                    0x02fc                  _PADCFG1bits = 0x2fc
                    0x0300                  ADC1BUF0 = 0x300
                    0x0300                  _ADC1BUF0 = 0x300
                    0x0302                  ADC1BUF1 = 0x302
                    0x0302                  _ADC1BUF1 = 0x302
                    0x0304                  ADC1BUF2 = 0x304
                    0x0304                  _ADC1BUF2 = 0x304
                    0x0306                  ADC1BUF3 = 0x306
                    0x0306                  _ADC1BUF3 = 0x306
                    0x0308                  ADC1BUF4 = 0x308
                    0x0308                  _ADC1BUF4 = 0x308
                    0x030a                  ADC1BUF5 = 0x30a
                    0x030a                  _ADC1BUF5 = 0x30a
                    0x030c                  ADC1BUF6 = 0x30c
                    0x030c                  _ADC1BUF6 = 0x30c
                    0x030e                  ADC1BUF7 = 0x30e
                    0x030e                  _ADC1BUF7 = 0x30e
                    0x0310                  ADC1BUF8 = 0x310
                    0x0310                  _ADC1BUF8 = 0x310
                    0x0312                  ADC1BUF9 = 0x312
                    0x0312                  _ADC1BUF9 = 0x312
                    0x0314                  ADC1BUFA = 0x314
                    0x0314                  _ADC1BUFA = 0x314
                    0x0316                  ADC1BUFB = 0x316
                    0x0316                  _ADC1BUFB = 0x316
                    0x0318                  ADC1BUFC = 0x318
                    0x0318                  _ADC1BUFC = 0x318
                    0x031a                  ADC1BUFD = 0x31a
                    0x031a                  _ADC1BUFD = 0x31a
                    0x031c                  ADC1BUFE = 0x31c
                    0x031c                  _ADC1BUFE = 0x31c
                    0x031e                  ADC1BUFF = 0x31e
                    0x031e                  _ADC1BUFF = 0x31e
                    0x0320                  AD1CON1 = 0x320
                    0x0320                  _AD1CON1 = 0x320
                    0x0320                  _AD1CON1bits = 0x320
                    0x0322                  AD1CON2 = 0x322
                    0x0322                  _AD1CON2 = 0x322
                    0x0322                  _AD1CON2bits = 0x322
                    0x0324                  AD1CON3 = 0x324
                    0x0324                  _AD1CON3 = 0x324
                    0x0324                  _AD1CON3bits = 0x324
                    0x0328                  AD1CHS = 0x328
                    0x0328                  _AD1CHS = 0x328
                    0x0328                  _AD1CHSbits = 0x328
                    0x032c                  AD1PCFG = 0x32c
                    0x032c                  _AD1PCFG = 0x32c
                    0x032c                  _AD1PCFGbits = 0x32c
                    0x0330                  AD1CSSL = 0x330
                    0x0330                  _AD1CSSL = 0x330
                    0x0330                  _AD1CSSLbits = 0x330
                    0x033c                  CTMUCON = 0x33c
                    0x033c                  _CTMUCON = 0x33c
                    0x033c                  _CTMUCONbits = 0x33c
                    0x033e                  CTMUICON = 0x33e
                    0x033e                  _CTMUICON = 0x33e
                    0x033e                  _CTMUICONbits = 0x33e
                    0x0620                  ALRMVAL = 0x620
                    0x0620                  _ALRMVAL = 0x620
                    0x0622                  ALCFGRPT = 0x622
                    0x0622                  _ALCFGRPT = 0x622
                    0x0622                  _ALCFGRPTbits = 0x622
                    0x0624                  RTCVAL = 0x624
                    0x0624                  _RTCVAL = 0x624
                    0x0626                  RCFGCAL = 0x626
                    0x0626                  _RCFGCAL = 0x626
                    0x0626                  _RCFGCALbits = 0x626
                    0x0630                  CMSTAT = 0x630
                    0x0630                  _CMSTAT = 0x630
                    0x0630                  _CMSTATbits = 0x630
                    0x0632                  CVRCON = 0x632
                    0x0632                  _CVRCON = 0x632
                    0x0632                  _CVRCONbits = 0x632
                    0x0634                  CM1CON = 0x634
                    0x0634                  _CM1CON = 0x634
                    0x0634                  _CM1CONbits = 0x634
                    0x0636                  CM2CON = 0x636
                    0x0636                  _CM2CON = 0x636
                    0x0636                  _CM2CONbits = 0x636
                    0x0640                  CRCCON = 0x640
                    0x0640                  _CRCCON = 0x640
                    0x0640                  _CRCCONbits = 0x640
                    0x0642                  CRCXOR = 0x642
                    0x0642                  _CRCXOR = 0x642
                    0x0644                  CRCDAT = 0x644
                    0x0644                  _CRCDAT = 0x644
                    0x0646                  CRCWDAT = 0x646
                    0x0646                  _CRCWDAT = 0x646
                    0x0740                  RCON = 0x740
                    0x0740                  _RCON = 0x740
                    0x0740                  _RCONbits = 0x740
                    0x0742                  OSCCON = 0x742
                    0x0742                  _OSCCON = 0x742
                    0x0742                  _OSCCONbits = 0x742
                    0x0742                  OSCCONL = 0x742
                    0x0742                  _OSCCONL = 0x742
                    0x0743                  OSCCONH = 0x743
                    0x0743                  _OSCCONH = 0x743
                    0x0744                  CLKDIV = 0x744
                    0x0744                  _CLKDIV = 0x744
                    0x0744                  _CLKDIVbits = 0x744
                    0x0748                  OSCTUN = 0x748
                    0x0748                  _OSCTUN = 0x748
                    0x0748                  _OSCTUNbits = 0x748
                    0x074e                  REFOCON = 0x74e
                    0x074e                  _REFOCON = 0x74e
                    0x074e                  _REFOCONbits = 0x74e
                    0x0756                  HLVDCON = 0x756
                    0x0756                  _HLVDCON = 0x756
                    0x0756                  _HLVDCONbits = 0x756
                    0x0758                  DSCON = 0x758
                    0x0758                  _DSCON = 0x758
                    0x0758                  _DSCONbits = 0x758
                    0x075a                  DSWAKE = 0x75a
                    0x075a                  _DSWAKE = 0x75a
                    0x075a                  _DSWAKEbits = 0x75a
                    0x075a                  DSWSRC = 0x75a
                    0x075a                  _DSWSRC = 0x75a
                    0x075a                  _DSWSRCbits = 0x75a
                    0x075c                  DSGPR0 = 0x75c
                    0x075c                  _DSGPR0 = 0x75c
                    0x075e                  DSGPR1 = 0x75e
                    0x075e                  _DSGPR1 = 0x75e
                    0x0760                  NVMCON = 0x760
                    0x0760                  _NVMCON = 0x760
                    0x0760                  _NVMCONbits = 0x760
                    0x0766                  NVMKEY = 0x766
                    0x0766                  _NVMKEY = 0x766
                    0x0766                  _NVMKEYbits = 0x766
                    0x0770                  PMD1 = 0x770
                    0x0770                  _PMD1 = 0x770
                    0x0770                  _PMD1bits = 0x770
                    0x0772                  PMD2 = 0x772
                    0x0772                  _PMD2 = 0x772
                    0x0772                  _PMD2bits = 0x772
                    0x0774                  PMD3 = 0x774
                    0x0774                  _PMD3 = 0x774
                    0x0774                  _PMD3bits = 0x774
                    0x0776                  PMD4 = 0x776
                    0x0776                  _PMD4 = 0x776
                    0x0776                  _PMD4bits = 0x776
                    0x0140                  IC1 = 0x140
                    0x0140                  _IC1 = 0x140
                    0x0180                  OC1 = 0x180
                    0x0180                  _OC1 = 0x180
                    0x0240                  SPI1 = 0x240
                    0x0240                  _SPI1 = 0x240
                    0x0220                  UART1 = 0x220
                    0x0220                  _UART1 = 0x220
                    0x0230                  UART2 = 0x230
                    0x0230                  _UART2 = 0x230
START GROUP
LOAD c:/program files (x86)/microchip/xc16/v1.26/bin/bin/../../lib\libpic30-elf.a
LOAD c:/program files (x86)/microchip/xc16/v1.26/bin/bin/../../lib\libm-elf.a
LOAD c:/program files (x86)/microchip/xc16/v1.26/bin/bin/../../lib\libc-elf.a
END GROUP
OUTPUT(dist/default/production/PumpMinder-3.0.production.elf elf32-pic30)
LOAD FGS
LOAD FBS
LOAD data_init
LOAD shared_data_init

.debug_pubtypes
                  0x000030        0x3df
 .debug_pubtypes
                  0x000030        0x23f build/default/production/main.o
 .debug_pubtypes
                  0x00026f        0x1a0 build/default/production/utilities.o

__c30_signature
                  0x00040f        0x11a
 __c30_signature
                  0x00040f          0x6 build/default/production/main.o
 __c30_signature
                  0x000415          0x6 build/default/production/utilities.o
 __c30_signature
                  0x00041b          0x6 c:/program files (x86)/microchip/xc16/v1.26/bin/bin/../../lib\libpic30-elf.a(crt0_standard.o)
 __c30_signature
                  0x000421          0x6 c:/program files (x86)/microchip/xc16/v1.26/bin/bin/../../lib\libpic30-elf.a(data_init_standard.o)
 __c30_signature
                  0x000427          0x6 c:/program files (x86)/microchip/xc16/v1.26/bin/bin/../../lib\libm-elf.a(addsf3.eo)
 __c30_signature
                  0x00042d          0x6 c:/program files (x86)/microchip/xc16/v1.26/bin/bin/../../lib\libm-elf.a(divsf3.eo)
 __c30_signature
                  0x000433          0x6 c:/program files (x86)/microchip/xc16/v1.26/bin/bin/../../lib\libm-elf.a(fixsfsi.eo)
 __c30_signature
                  0x000439          0x6 c:/program files (x86)/microchip/xc16/v1.26/bin/bin/../../lib\libm-elf.a(fixunssfsi.eo)
 __c30_signature
                  0x00043f          0x6 c:/program files (x86)/microchip/xc16/v1.26/bin/bin/../../lib\libm-elf.a(floatsisf.eo)
 __c30_signature
                  0x000445          0x6 c:/program files (x86)/microchip/xc16/v1.26/bin/bin/../../lib\libm-elf.a(floatunsisf.eo)
 __c30_signature
                  0x00044b          0x6 c:/program files (x86)/microchip/xc16/v1.26/bin/bin/../../lib\libm-elf.a(fpack.eo)
 __c30_signature
                  0x000451          0x6 c:/program files (x86)/microchip/xc16/v1.26/bin/bin/../../lib\libm-elf.a(funpack.eo)
 __c30_signature
                  0x000457          0x6 c:/program files (x86)/microchip/xc16/v1.26/bin/bin/../../lib\libm-elf.a(funpack2.eo)
 __c30_signature
                  0x00045d          0x6 c:/program files (x86)/microchip/xc16/v1.26/bin/bin/../../lib\libm-elf.a(futil.eo)
 __c30_signature
                  0x000463          0x6 c:/program files (x86)/microchip/xc16/v1.26/bin/bin/../../lib\libm-elf.a(mulsf3.eo)
 __c30_signature
                  0x000469          0x6 c:/program files (x86)/microchip/xc16/v1.26/bin/bin/../../lib\libm-elf.a(floatdisf.eo)
 __c30_signature
                  0x00046f          0x6 c:/program files (x86)/microchip/xc16/v1.26/bin/bin/../../lib\libm-elf.a(floatundisf.eo)
 __c30_signature
                  0x000475          0x6 c:/program files (x86)/microchip/xc16/v1.26/bin/bin/../../lib\libc-elf.a(sprintf_cdfFnopuxX.XXeo)
 __c30_signature
                  0x00047b          0x6 c:/program files (x86)/microchip/xc16/v1.26/bin/bin/../../lib\libc-elf.a(doprnt_cdfFnopuxX.XXeo)
 __c30_signature
                  0x000481          0x6 c:/program files (x86)/microchip/xc16/v1.26/bin/bin/../../lib\libc-elf.a(fputc.eo)
 __c30_signature
                  0x000487          0x6 c:/program files (x86)/microchip/xc16/v1.26/bin/bin/../../lib\libc-elf.a(powers.eo)
 __c30_signature
                  0x00048d          0x6 c:/program files (x86)/microchip/xc16/v1.26/bin/bin/../../lib\libc-elf.a(_iob.eo)
 __c30_signature
                  0x000493          0x6 c:/program files (x86)/microchip/xc16/v1.26/bin/bin/../../lib\libc-elf.a(flsbuf.eo)
 __c30_signature
                  0x000499          0x6 c:/program files (x86)/microchip/xc16/v1.26/bin/bin/../../lib\libpic30-elf.a(write.eo)
 __c30_signature
                  0x00049f          0x6 c:/program files (x86)/microchip/xc16/v1.26/bin/bin/../../lib\libpic30-elf.a(c30_uart.eo)
 __c30_signature
                  0x0004a5          0x6 c:/program files (x86)/microchip/xc16/v1.26/bin/bin/../../lib\libm-elf.a(adddf3.eo)
 __c30_signature
                  0x0004ab          0x6 c:/program files (x86)/microchip/xc16/v1.26/bin/bin/../../lib\libm-elf.a(deqltle.eo)
 __c30_signature
                  0x0004b1          0x6 c:/program files (x86)/microchip/xc16/v1.26/bin/bin/../../lib\libm-elf.a(dgtge.eo)
 __c30_signature
                  0x0004b7          0x6 c:/program files (x86)/microchip/xc16/v1.26/bin/bin/../../lib\libm-elf.a(divdf3.eo)
 __c30_signature
                  0x0004bd          0x6 c:/program files (x86)/microchip/xc16/v1.26/bin/bin/../../lib\libm-elf.a(dne.eo)
 __c30_signature
                  0x0004c3          0x6 c:/program files (x86)/microchip/xc16/v1.26/bin/bin/../../lib\libm-elf.a(dpack.eo)
 __c30_signature
                  0x0004c9          0x6 c:/program files (x86)/microchip/xc16/v1.26/bin/bin/../../lib\libm-elf.a(dunpack2.eo)
 __c30_signature
                  0x0004cf          0x6 c:/program files (x86)/microchip/xc16/v1.26/bin/bin/../../lib\libm-elf.a(extendsfdf.eo)
 __c30_signature
                  0x0004d5          0x6 c:/program files (x86)/microchip/xc16/v1.26/bin/bin/../../lib\libm-elf.a(fixunsdfdi.eo)
 __c30_signature
                  0x0004db          0x6 c:/program files (x86)/microchip/xc16/v1.26/bin/bin/../../lib\libm-elf.a(floatundidf.eo)
 __c30_signature
                  0x0004e1          0x6 c:/program files (x86)/microchip/xc16/v1.26/bin/bin/../../lib\libm-elf.a(frexp.eo)
 __c30_signature
                  0x0004e7          0x6 c:/program files (x86)/microchip/xc16/v1.26/bin/bin/../../lib\libm-elf.a(muldf3.eo)
 __c30_signature
                  0x0004ed          0x6 c:/program files (x86)/microchip/xc16/v1.26/bin/bin/../../lib\libm-elf.a(subdf3.eo)
 __c30_signature
                  0x0004f3          0x6 c:/program files (x86)/microchip/xc16/v1.26/bin/bin/../../lib\libm-elf.a(udivsi3.eo)
 __c30_signature
                  0x0004f9          0x6 c:/program files (x86)/microchip/xc16/v1.26/bin/bin/../../lib\libm-elf.a(mulsi3.eo)
 __c30_signature
                  0x0004ff          0x6 c:/program files (x86)/microchip/xc16/v1.26/bin/bin/../../lib\libm-elf.a(divmoddi3.eo)
 __c30_signature
                  0x000505          0x6 c:/program files (x86)/microchip/xc16/v1.26/bin/bin/../../lib\libm-elf.a(muldi3.eo)
 __c30_signature
                  0x00050b          0x6 c:/program files (x86)/microchip/xc16/v1.26/bin/bin/../../lib\libm-elf.a(dcompare.eo)
 __c30_signature
                  0x000511          0x6 c:/program files (x86)/microchip/xc16/v1.26/bin/bin/../../lib\libm-elf.a(dpropagateNaN.eo)
 __c30_signature
                  0x000517          0x6 c:/program files (x86)/microchip/xc16/v1.26/bin/bin/../../lib\libm-elf.a(dtype.eo)
 __c30_signature
                  0x00051d          0x6 c:/program files (x86)/microchip/xc16/v1.26/bin/bin/../../lib\libm-elf.a(dunpack.eo)
 __c30_signature
                  0x000523          0x6 c:/program files (x86)/microchip/xc16/v1.26/bin/bin/../../lib\libm-elf.a(umuldi3.eo)

.nbss               0x0800         0x14
 .nbss              0x0800          0xc build/default/production/utilities.o
                    0x0800                  _MessageBeingTransmitted
                    0x0802                  _EEFloatData
                    0x0806                  _Day
                    0x0808                  _PrevDay
                    0x080a                  _debugVar
 .nbss              0x080c          0x8 build/default/production/main.o

.data               0x0814        0x250
 .data              0x0814        0x160 c:/program files (x86)/microchip/xc16/v1.26/bin/bin/../../lib\libc-elf.a(powers.eo)
                    0x0814                  __powers_
                    0x08c4                  __npowers_
 .data              0x0974         0xca c:/program files (x86)/microchip/xc16/v1.26/bin/bin/../../lib\libc-elf.a(doprnt_cdfFnopuxX.XXeo)
 .data              0x0a3e         0x26 c:/program files (x86)/microchip/xc16/v1.26/bin/bin/../../lib\libc-elf.a(_iob.eo)
                    0x0a3e                  __iob
                    0x0a62                  __Files

.bss                0x0a64          0x6
 .bss               0x0a64          0x6 c:/program files (x86)/microchip/xc16/v1.26/bin/bin/../../lib\libc-elf.a(_iob.eo)
                    0x0a64                  __outdone
                    0x0a65                  __sibuf
                    0x0a67                  __sobuf

.data               0x0a6a          0x2
 .data              0x0a6a          0x2 c:/program files (x86)/microchip/xc16/v1.26/bin/bin/../../lib\libpic30-elf.a(c30_uart.eo)
                    0x0a6a                  ___C30_UART

.config_DSWDTEN
                  0xf80010          0x2
 .config_DSWDTEN
                  0xf80010          0x2 build/default/production/main.o

.config_BKBUG     0xf8000e          0x2
 .config_BKBUG    0xf8000e          0x2 build/default/production/main.o

.config_MCLRE     0xf8000c          0x2
 .config_MCLRE    0xf8000c          0x2 build/default/production/main.o

.config_FWDTEN    0xf8000a          0x2
 .config_FWDTEN
                  0xf8000a          0x2 build/default/production/main.o

.config_FCKSM     0xf80008          0x2
 .config_FCKSM    0xf80008          0x2 build/default/production/main.o

.config_IESO      0xf80006          0x2
 .config_IESO     0xf80006          0x2 build/default/production/main.o

.ivt._T1Interrupt
                  0x00001a          0x2
 .ivt._T1Interrupt
                  0x00001a          0x2 build/default/production/main.o

.ivt._CNInterrupt
                  0x00003a          0x2
 .ivt._CNInterrupt
                  0x00003a          0x2 build/default/production/main.o

.ivt._RTCCInterrupt
                  0x000090          0x2
 .ivt._RTCCInterrupt
                  0x000090          0x2 build/default/production/utilities.o

.const              0xa0aa         0xb2 load address 0x0020aa  
 .const             0xa0aa         0x96 build/default/production/main.o
                    0xa0aa                  _pulseWidthThreshold
                    0xa0ac                  _countdownArray
                    0xa0b8                  _countdownResetArray
 .const             0xa140         0x1c build/default/production/utilities.o

.text             0x00215c        0x5e6
 .text            0x00215c        0x5e6 build/default/production/utilities.o
                  0x00215c                  _CheckBattery
                  0x0021a0                  _readBatteryPin
                  0x0021b8                  _BcdToDec
                  0x0021e6                  _DecToBcd
                  0x002214                  _getLowerBCDAsDecimal
                  0x002232                  _getUpperBCDAsDecimal
                  0x002252                  _setRTCC
                  0x0022c0                  _GetRTCCmonth
                  0x0022f2                  _GetRTCCday
                  0x00231c                  _GetRTCChour
                  0x002346                  _stringLength
                  0x002364                  _sendMessage
                  0x00239e                  _ReportHoursOfPumping
                  0x002412                  _EEProm_Write_Int
                  0x002456                  _EEProm_Read_Int
                  0x00247a                  _EEProm_Read_Float
                  0x0024ca                  _EEProm_Write_Float
                  0x002556                  _ClearEEProm
                  0x0025e0                  _delayMs
                  0x00260e                  __RTCCInterrupt
                  0x002622                  _initSleep
                  0x002660                  _sleepForPeriod
                  0x0026ce                  _resetCheckRemedy

.dinit            0x002742        0x1bc
 .dinit           0x002742        0x1bc data_init

.shared.dinit     0x0028fe          0x2
 .shared.dinit    0x0028fe          0x2 shared_data_init

.eedata             0xfe00          0x2 load address 0x7ffe00  
 .eedata            0xfe00          0x2 build/default/production/utilities.o
                    0xfe00                  _eeData
